Iteration 1: Score = 100029
Iteration 2: Score = 46909
Iteration 3: Score = 16076
Iteration 4: Score = 100006
Iteration 5: Score = 76904
Iteration 6: Score = 100242
Iteration 7: Score = 100015
Iteration 8: Score = 100003
Iteration 9: Score = 100040
Iteration 10: Score = 100018
Iteration 11: Score = 100299
Iteration 12: Score = 66541
Iteration 13: Score = 100017
Iteration 14: Score = 89855
Iteration 15: Score = 100116
Iteration 16: Score = 100001
Iteration 17: Score = 20641
Iteration 18: Score = 100030
Iteration 19: Score = 63882
Iteration 20: Score = 39711
